06:05:03.738 [WARNING] main │ OBSERVER MODE — no orders will be placed
06:05:04.341 [INFO] websocket │ Websocket connected
06:05:05.171 [INFO] main │ Info client connected to https://api.hyperliquid-testnet.xyz
06:05:05.171 [INFO] main │ WebSocket subscriptions active (ids=[1])
06:05:05.171 [INFO] main │ Waiting for initial L2 book snapshot…
06:05:05.319 [INFO] main │ Initial book received: mid=77096.00
06:05:05.319 [INFO] main │ Bot is LIVE | status=running inv=+0.0000BTC entry=0.00 mid=77096.00 unrealPnL=+0.00$ realPnL=+0.00$ fills=0 open_orders=0
06:05:05.319 [INFO] main │ Main event loop started
06:05:15.320 [INFO] main │ STATE | status=running inv=+0.0000BTC entry=0.00 mid=77096.00 unrealPnL=+0.00$ realPnL=+0.00$ fills=0 open_orders=0
06:05:23.312 [INFO] ofi_strategy │ BUY signal  | OFI=0.8248 ≥ threshold=0.6500
06:05:23.312 [INFO] executor │ [OBSERVER] Would place BUY  limit 0.0010 BTC @ 77086.00
06:05:25.321 [INFO] main │ STATE | status=running inv=+0.0000BTC entry=0.00 mid=77086.50 unrealPnL=+0.00$ realPnL=+0.00$ fills=0 open_orders=0
06:05:26.753 [INFO] ofi_strategy │ SELL signal | OFI=-0.7842 ≤ threshold=-0.6500
06:05:26.753 [INFO] executor │ [OBSERVER] Would place SELL limit 0.0010 BTC @ 77106.00
06:05:27.189 [INFO] ofi_strategy │ SELL signal | OFI=-0.7842 ≤ threshold=-0.6500
06:05:27.190 [INFO] executor │ [OBSERVER] Would place SELL limit 0.0010 BTC @ 77106.00
06:05:29.573 [INFO] ofi_strategy │ BUY signal  | OFI=0.8786 ≥ threshold=0.6500
06:05:29.573 [INFO] executor │ [OBSERVER] Would place BUY  limit 0.0010 BTC @ 77086.00
06:05:31.186 [INFO] ofi_strategy │ BUY signal  | OFI=0.8098 ≥ threshold=0.6500
06:05:31.187 [INFO] executor │ [OBSERVER] Would place BUY  limit 0.0010 BTC @ 77086.00
06:05:35.322 [INFO] main │ STATE | status=running inv=+0.0000BTC entry=0.00 mid=77088.50 unrealPnL=+0.00$ realPnL=+0.00$ fills=0 open_orders=0
06:05:39.906 [INFO] ofi_strategy │ BUY signal  | OFI=1.0000 ≥ threshold=0.6500
06:05:39.907 [INFO] executor │ [OBSERVER] Would place BUY  limit 0.0010 BTC @ 77068.00
06:05:45.323 [INFO] main │ STATE | status=running inv=+0.0000BTC entry=0.00 mid=77072.50 unrealPnL=+0.00$ realPnL=+0.00$ fills=0 open_orders=0
06:05:50.825 [INFO] ofi_strategy │ SELL signal | OFI=-1.0000 ≤ threshold=-0.6500
06:05:50.825 [INFO] executor │ [OBSERVER] Would place SELL limit 0.0010 BTC @ 77106.00
06:05:55.323 [INFO] main │ STATE | status=running inv=+0.0000BTC entry=0.00 mid=77087.00 unrealPnL=+0.00$ realPnL=+0.00$ fills=0 open_orders=0
06:06:03.593 [WARNING] main │ Shutdown signal received — cancelling orders and closing positions
06:06:03.623 [INFO] main │ Risk monitor exiting (status=stopped)
06:06:03.913 [INFO] main │ Main event loop exiting (status=stopped)
06:06:05.325 [INFO] main │ STATE | status=stopped inv=+0.0000BTC entry=0.00 mid=77081.00 unrealPnL=+0.00$ realPnL=+0.00$ fills=0 open_orders=0
06:06:05.326 [INFO] main │ WS health monitor exiting
06:06:07.459 [INFO] main │ Final state: status=stopped inv=+0.0000BTC entry=0.00 mid=77081.00 unrealPnL=+0.00$ realPnL=+0.00$ fills=0 open_orders=0
06:06:07.459 [INFO] main │ Session summary | orders=0 fills=0 cancelled=0 buys=0 sells=0 | realised_PnL=0.00$
